// Jest Snapshot v1, https://goo.gl/fbAQLP

exports[`BottomCurve renders correctly 1`] = `
<div
  className="bottomCurveContainer"
>
  <div
    className="bottomCurveContainer__bottomCurve"
  >
    <div
      className="bottomCurveContainer__bottomCurve__topHalf"
    />
    <div
      className="bottomCurveContainer__bottomCurve__bottomHalf"
    />
  </div>
</div>
`;
