// Jest Snapshot v1, https://goo.gl/fbAQLP

exports[`ResourcesPage renders correctly 1`] = `
<div
  className="resourcesPage"
>
  <div
    className="resourcesPage__headerContainer"
  >
    <div
      className="resourcesPage__headerContainer__title"
    >
      resourcesPage.title
    </div>
    <div
      className="resourcesPage__headerContainer__subTitle"
    >
      resourcesPage.aboutPage
    </div>
  </div>
  <div
    className="resourcesPage__resourcesContainer"
  >
    <div
      className="resource__body"
    >
      <div
        className="resource__body__picContainer"
      >
        <img
          alt="resourcesPage.resources.climateChangeHandbook.title"
          onClick={[Function]}
          src="ourClimateChange.png"
        />
      </div>
      <div
        className="resource__body__content"
      >
        <div
          className="resource__body__content__title"
        >
          resourcesPage.resources.climateChangeHandbook.title
        </div>
        <div
          className="resource__body__content__description"
        >
          resourcesPage.resources.climateChangeHandbook.text
        </div>
        <div
          className="resource__body__content__footer"
        >
          <button
            onClick={[Function]}
          >
            Visit Resource
          </button>
        </div>
      </div>
    </div>
    <div
      className="resource__body"
    >
      <div
        className="resource__body__picContainer"
      >
        <img
          alt="resourcesPage.resources.educationOnClimateChangeHandbook.title"
          onClick={[Function]}
          src="resourcesForEducation.png"
        />
      </div>
      <div
        className="resource__body__content"
      >
        <div
          className="resource__body__content__title"
        >
          resourcesPage.resources.educationOnClimateChangeHandbook.title
        </div>
        <div
          className="resource__body__content__description"
        >
          resourcesPage.resources.educationOnClimateChangeHandbook.text
        </div>
        <div
          className="resource__body__content__footer"
        >
          <button
            onClick={[Function]}
          >
            Visit Resource
          </button>
        </div>
      </div>
    </div>
    <div
      className="resource__body"
    >
      <div
        className="resource__body__picContainer"
      >
        <img
          alt="resourcesPage.resources.whoCausesClimateChangesHandbook.title"
          onClick={[Function]}
          src="whoCausesClimate.png"
        />
      </div>
      <div
        className="resource__body__content"
      >
        <div
          className="resource__body__content__title"
        >
          resourcesPage.resources.whoCausesClimateChangesHandbook.title
        </div>
        <div
          className="resource__body__content__description"
        >
          resourcesPage.resources.whoCausesClimateChangesHandbook.text
        </div>
        <div
          className="resource__body__content__footer"
        >
          <button
            onClick={[Function]}
          >
            Visit Resource
          </button>
        </div>
      </div>
    </div>
  </div>
</div>
`;
