// Jest Snapshot v1, https://goo.gl/fbAQLP

exports[`ResetPassword Component matches the tree 1`] = `
<form
  noValidate={true}
  onSubmit={[Function]}
>
  <div
    className="loginContainer"
  >
    <div
      className="loginContainer__loginTitle"
    >
      passwordReset.passwordReset
    </div>
    <div
      className="loginContainer__loginDialog"
    >
      <div
        className="loginContainer__loginDialog__inputLabel"
      >
        passwordReset.email
      </div>
      <div
        className="loginContainer__loginDialog__input"
      >
        <input
          className="ant-input"
          onBlur={[Function]}
          onChange={[Function]}
          onFocus={[Function]}
          onKeyDown={[Function]}
          type="email"
          value=""
        />
      </div>
      <button
        className="loginContainer__loginDialog__submitButton"
        type="submit"
      >
        passwordReset.passwordReset
      </button>
      <button
        className="loginContainer__loginDialog__backToLoginButton"
        onClick={[Function]}
        type="button"
      >
        passwordReset.backToLogin
      </button>
    </div>
  </div>
</form>
`;
