// Jest Snapshot v1, https://goo.gl/fbAQLP

exports[`Navbar Component matches the tree 1`] = `
<div
  className="navbar"
>
  <div
    className="navbar__topHalf"
  >
    <button
      className="ant-dropdown-trigger navbar__dropdown-btn navbar__dropdown"
      onMouseEnter={[Function]}
      onMouseLeave={[Function]}
    >
      <span
        aria-label="menu"
        className="anticon anticon-menu"
        role="img"
      >
        <svg
          aria-hidden="true"
          className=""
          data-icon="menu"
          fill="currentColor"
          focusable="false"
          height="1em"
          viewBox="64 64 896 896"
          width="1em"
        >
          <path
            d="M904 160H120c-4.4 0-8 3.6-8 8v64c0 4.4 3.6 8 8 8h784c4.4 0 8-3.6 8-8v-64c0-4.4-3.6-8-8-8zm0 624H120c-4.4 0-8 3.6-8 8v64c0 4.4 3.6 8 8 8h784c4.4 0 8-3.6 8-8v-64c0-4.4-3.6-8-8-8zm0-312H120c-4.4 0-8 3.6-8 8v64c0 4.4 3.6 8 8 8h784c4.4 0 8-3.6 8-8v-64c0-4.4-3.6-8-8-8z"
          />
        </svg>
      </span>
    </button>
    <ul
      className="navbar__leftSide"
    >
      <li>
        <a
          href="/"
          onClick={[Function]}
        >
          navbar.home
        </a>
      </li>
      <li>
        <a
          href="/about"
          onClick={[Function]}
        >
          navbar.about
        </a>
      </li>
      <li>
        <a
          href="/games"
          onClick={[Function]}
        >
          navbar.games
        </a>
      </li>
    </ul>
    <a
      href="/"
      onClick={[Function]}
    >
      <h1
        className="navbar__title"
      >
        Juniper
      </h1>
    </a>
    <ul
      className="navbar__rightSide"
    >
      <li>
        <a
          href="/resources"
          onClick={[Function]}
        >
          navbar.resources
        </a>
      </li>
      <li>
        <a
          href="/contact"
          onClick={[Function]}
        >
          navbar.contact
        </a>
      </li>
      <li>
        <a
          href="/login"
          onClick={[Function]}
        >
          navbar.login
        </a>
      </li>
    </ul>
    <a
      className="navbar__logo-link"
      href="/"
      onClick={[Function]}
    >
      <img
        alt="juniper-logo"
        className="navbar__logo"
        src={
          Object {
            "ReactComponent": Object {
              "$$typeof": Symbol(react.forward_ref),
              "render": [Function],
            },
            "__esModule": true,
            "default": "logo.svg",
          }
        }
      />
    </a>
    <div
      className="navbar__languageContainer"
    >
      <button
        className="navbar__languageContainer-btn"
        onClick={[Function]}
      >
        <p>
          En
        </p>
      </button>
      <button
        className="navbar__languageContainer-btn"
        onClick={[Function]}
      >
        <p>
          Tr
        </p>
      </button>
      <button
        className="navbar__languageContainer-btn"
        onClick={[Function]}
      >
        <p>
          Ar
        </p>
      </button>
    </div>
  </div>
  <div
    className="navbar__bottomHalf"
  >
    <div
      className="navbar__helperDiv"
    />
    <div />
  </div>
</div>
`;
